[0m22:02:30.075006 [debug] [MainThread]: Sending event: {'category': 'dbt', 'action': 'invocation', 'label': 'start', 'context': [<snowplow_tracker.self_describing_json.SelfDescribingJson object at 0x000001FDABAE2120>, <snowplow_tracker.self_describing_json.SelfDescribingJson object at 0x000001FDA9648CD0>, <snowplow_tracker.self_describing_json.SelfDescribingJson object at 0x000001FDAE56B890>]}


============================== 22:02:30.079356 | 849b7c92-9de3-4d96-81c6-ac9663fca8ec ==============================
[0m22:02:30.079356 [info ] [MainThread]: Running with dbt=1.12.5
[0m22:02:30.080136 [debug] [MainThread]: running dbt with arguments {'static_parser': 'True', 'no_print': 'None', 'maximum_seed_size_mib': '1', 'target_path': 'None', 'warn_error_options': 'WarnErrorOptionsV2(error=[], warn=[], silence=[])', 'version_check': 'True', 'printer_width': '80', 'write_json': 'True', 'introspect': 'True', 'log_cache_events': 'False', 'empty': 'None', 'cache_selected_only': 'False', 'log_format': 'default', 'debug': 'False', 'fail_fast': 'False', 'profiles_dir': 'C:\\Users\\engel\\.dbt', 'send_anonymous_usage_stats': 'True', 'quiet': 'False', 'warn_error': 'None', 'partial_parse': 'True', 'invocation_command': 'dbt init sgfood_dbt', 'hints_enabled': 'True', 'use_colors': 'True', 'use_experimental_parser': 'False', 'indirect_selection': 'eager', 'log_path': 'logs'}
[0m22:02:30.095859 [info ] [MainThread]: Creating dbt configuration folder at C:\Users\engel\.dbt
[0m22:02:30.098711 [debug] [MainThread]: Starter project path: C:\Users\engel\AppData\Local\Python\pythoncore-3.14-64\Lib\site-packages\dbt\include\starter_project
[0m22:02:30.118950 [info ] [MainThread]: Setting up your profile.
[0m22:05:18.021109 [info ] [MainThread]: Profile sgfood_dbt written to C:\Users\engel\.dbt\profiles.yml using target's profile_template.yml and your supplied values.
[0m22:05:18.023393 [info ] [MainThread]: Running dbt debug to validate the project...
[0m22:05:18.024527 [info ] [MainThread]: dbt version: 1.12.5
[0m22:05:18.025306 [info ] [MainThread]: python version: 3.14.7
[0m22:05:18.026065 [info ] [MainThread]: python path: C:\Users\engel\AppData\Local\Python\pythoncore-3.14-64\python.exe
[0m22:05:18.026901 [info ] [MainThread]: os info: Windows-11-10.0.26200-SP0
[0m22:05:18.061642 [info ] [MainThread]: Using profiles dir at C:\Users\engel\.dbt
[0m22:05:18.062440 [info ] [MainThread]: Using profiles.yml file at C:\Users\engel\.dbt\profiles.yml
[0m22:05:18.062923 [info ] [MainThread]: Using dbt_project.yml file at C:\Users\engel\Documents\GitHub\SS22S2026_14G\Proyecto1\sgfood_dbt\dbt_project.yml
[0m22:05:18.063842 [info ] [MainThread]: adapter type: postgres
[0m22:05:18.064460 [info ] [MainThread]: adapter version: 1.11.0
[0m22:05:18.199470 [info ] [MainThread]: Configuration:
[0m22:05:18.200079 [info ] [MainThread]:   profiles.yml file [[32mOK found and valid[0m]
[0m22:05:18.200688 [info ] [MainThread]:   dbt_project.yml file [[32mOK found and valid[0m]
[0m22:05:18.201131 [info ] [MainThread]: Required dependencies:
[0m22:05:18.201560 [debug] [MainThread]: Executing "git --help"
[0m22:05:18.250329 [debug] [MainThread]: STDOUT: "b"usage: git [-v | --version] [-h | --help] [-C <path>] [-c <name>=<value>]\n           [--exec-path[=<path>]] [--html-path] [--man-path] [--info-path]\n           [-p | --paginate | -P | --no-pager] [--no-replace-objects] [--no-lazy-fetch]\n           [--no-optional-locks] [--no-advice] [--bare] [--git-dir=<path>]\n           [--work-tree=<path>] [--namespace=<name>] [--config-env=<name>=<envvar>]\n           <command> [<args>]\n\nThese are common Git commands used in various situations:\n\nstart a working area (see also: git help tutorial)\n   clone      Clone a repository into a new directory\n   init       Create an empty Git repository or reinitialize an existing one\n\nwork on the current change (see also: git help everyday)\n   add        Add file contents to the index\n   mv         Move or rename a file, a directory, or a symlink\n   restore    Restore working tree files\n   rm         Remove files from the working tree and from the index\n\nexamine the history and state (see also: git help revisions)\n   bisect     Use binary search to find the commit that introduced a bug\n   diff       Show changes between commits, commit and working tree, etc\n   grep       Print lines matching a pattern\n   log        Show commit logs\n   show       Show various types of objects\n   status     Show the working tree status\n\ngrow, mark and tweak your common history\n   backfill   Download missing objects in a partial clone\n   branch     List, create, or delete branches\n   commit     Record changes to the repository\n   history    EXPERIMENTAL: Rewrite history\n   merge      Join two or more development histories together\n   rebase     Reapply commits on top of another base tip\n   reset      Set `HEAD` or the index to a known state\n   switch     Switch branches\n   tag        Create, list, delete or verify tags\n\ncollaborate (see also: git help workflows)\n   fetch      Download objects and refs from another repository\n   pull       Fetch from and integrate with another repository or a local branch\n   push       Update remote refs along with associated objects\n\n'git help -a' and 'git help -g' list available subcommands and some\nconcept guides. See 'git help <command>' or 'git help <concept>'\nto read about a specific subcommand or concept.\nSee 'git help git' for an overview of the system.\n""
[0m22:05:18.251119 [debug] [MainThread]: STDERR: "b''"
[0m22:05:18.251827 [info ] [MainThread]:  - git [[32mOK found[0m]

[0m22:05:18.252740 [info ] [MainThread]: Connection:
[0m22:05:18.253565 [info ] [MainThread]:   host: localhost
[0m22:05:18.254498 [info ] [MainThread]:   port: 5432
[0m22:05:18.255347 [info ] [MainThread]:   user: admin
[0m22:05:18.255922 [info ] [MainThread]:   database: sgfood_db
[0m22:05:18.256344 [info ] [MainThread]:   schema: public
[0m22:05:18.256706 [info ] [MainThread]:   connect_timeout: 10
[0m22:05:18.257084 [info ] [MainThread]:   role: None
[0m22:05:18.257726 [info ] [MainThread]:   search_path: None
[0m22:05:18.258573 [info ] [MainThread]:   keepalives_idle: 0
[0m22:05:18.259427 [info ] [MainThread]:   sslmode: None
[0m22:05:18.260288 [info ] [MainThread]:   sslcert: None
[0m22:05:18.261072 [info ] [MainThread]:   sslkey: None
[0m22:05:18.261583 [info ] [MainThread]:   sslrootcert: None
[0m22:05:18.261992 [info ] [MainThread]:   application_name: dbt
[0m22:05:18.262547 [info ] [MainThread]:   autocommit: False
[0m22:05:18.263351 [info ] [MainThread]:   retries: 1
[0m22:05:18.264670 [info ] [MainThread]: Registered adapter: postgres=1.11.0
[0m22:05:18.549581 [debug] [MainThread]: Acquiring new postgres connection 'debug'
[0m22:05:18.605753 [debug] [MainThread]: Using postgres connection "debug"
[0m22:05:18.606227 [debug] [MainThread]: On debug: select 1 as id
[0m22:05:18.606604 [debug] [MainThread]: Opening a new connection, currently in state init
[0m22:05:18.637942 [debug] [MainThread]: SQL status: SELECT 1 in 0.031 seconds
[0m22:05:18.639445 [debug] [MainThread]: On debug: Close
[0m22:05:18.639992 [info ] [MainThread]:   Connection test: [[32mOK connection ok[0m]

[0m22:05:18.640793 [info ] [MainThread]: [32mAll checks passed![0m
[0m22:05:18.641372 [info ] [MainThread]: Your new dbt project "sgfood_dbt" was created!
Initialized new project in C:\Users\engel\Documents\GitHub\SS22S2026_14G\Proyecto1\sgfood_dbt\sgfood_dbt

For more information on how to configure the profiles.yml file,
please consult the dbt documentation here:

  https://docs.getdbt.com/docs/configure-your-profile

One more thing:

Need help? Don't hesitate to reach out to us via GitHub issues or on Slack:

  https://community.getdbt.com/

Happy modeling!

[0m22:05:18.642547 [debug] [MainThread]: Command `python -m dbt.cli.main init` succeeded at 22:05:18.642377 after 168.76 seconds
[0m22:05:18.642915 [debug] [MainThread]: Connection 'debug' was properly closed.
[0m22:05:18.643389 [debug] [MainThread]: Sending event: {'category': 'dbt', 'action': 'invocation', 'label': 'end', 'context': [<snowplow_tracker.self_describing_json.SelfDescribingJson object at 0x000001FDAE2EC8A0>, <snowplow_tracker.self_describing_json.SelfDescribingJson object at 0x000001FDAE847E30>, <snowplow_tracker.self_describing_json.SelfDescribingJson object at 0x000001FDAC6B07C0>]}
[0m22:05:18.643943 [debug] [MainThread]: Flushing usage events
[0m22:05:19.021232 [debug] [MainThread]: An error was encountered while trying to flush usage events
